// Vitest Snapshot v1, https://vitest.dev/guide/snapshot.html

exports[`successfully parses core contracts from a tx receipt on RollupCreator v1.1 1`] = `
{
  "adminProxy": "0x38E3258488C2341606230E27c4a440e81c987fCF",
  "bridge": "0xac51D5f4B14f520D111D14777e8965b224CE2919",
  "challengeManager": "0x5f4273F26836B3Def34Bc11274Dd7D38200E8E2d",
  "deployedAtBlockNumber": 49500532,
  "inbox": "0x6fDBF2541c1168E6D9f7A3A131204a33Ace085df",
  "nativeToken": "0x0000000000000000000000000000000000000000",
  "outbox": "0x2732C86946c20b9Eba0d7fA0beCcfd7517FCD285",
  "rollup": "0x1644590Fd2223264ea8Cda8927B038CcCFE0Da76",
  "rollupEventInbox": "0x60F938D87f929D1B413BA6bc9d8cA8310710BF1a",
  "sequencerInbox": "0x96bA492C55Af83dfC88D52A1e584e4061716e9e8",
  "upgradeExecutor": "0x5FbdF85F9be59A8084dbD8a7BD457AD3c13C95aE",
  "validatorUtils": "0xB11EB62DD2B352886A4530A9106fE427844D515f",
  "validatorWalletCreator": "0xEb9885B6c0e117D339F47585cC06a2765AaE2E0b",
}
`;

exports[`successfully parses core contracts from a tx receipt on RollupCreator v2.1 1`] = `
{
  "adminProxy": "0x4c6f9229f13cD1922B0E237c5A01CA6466217B11",
  "bridge": "0xFa35d3bEaCE95bfaaDC91EbA202821e952354C54",
  "challengeManager": "0xE1F48151c01B2861365bA22A8F1E676ceBD145Dd",
  "deployedAtBlockNumber": 71259460,
  "inbox": "0x83fac80e23863bAdA976Bddf1aF02B53402e4829",
  "nativeToken": "0x0000000000000000000000000000000000000000",
  "outbox": "0xC062C937CE2f4f7Abb6998bF958B7D67A4348926",
  "rollup": "0x66d0e72952f4f69aF9D33C1B7C31Fa9aCDbCAF63",
  "rollupEventInbox": "0xD75c19D04476dF0B6367b064CBA084EC00038f7d",
  "sequencerInbox": "0x43528b8Be52e8D084F147d167487f361553463b5",
  "upgradeExecutor": "0xcC86ED288eD5DC90Ef9b0e58A12f354840a0B659",
  "validatorUtils": "0x7C100c97a54e2D309a194752Df2f66922A802be3",
  "validatorWalletCreator": "0xFAd2C6Cb969Ab7B18d78BD63e512b650bb70B570",
}
`;

exports[`successfully parses core contracts from a tx receipt on RollupCreator v3.0 1`] = `
{
  "adminProxy": "0x2BfBACEF55215c80Ab12E2D03bc3c1963cebcDC3",
  "bridge": "0xB5b051649858f75f2B386Da5Fd555C4DA713C839",
  "challengeManager": "0x3f02252EbE2E3dAbE2e028C94E0B479a13d0FfA1",
  "deployedAtBlockNumber": 135436199,
  "inbox": "0xcc5037C3c4438ad5Cce87c813574A93b1D252a3d",
  "nativeToken": "0x0000000000000000000000000000000000000000",
  "outbox": "0xb8860af98521D5fF5EEa3Ea67b78a648e607C483",
  "rollup": "0x08061Bd37Dc6d251435b994aBf57b087CE9b58fa",
  "rollupEventInbox": "0x8E6467a40E4b1d1c6841cBa1b2eEF160F445a386",
  "sequencerInbox": "0xb17A8622CF559B5eB29ef373486155515938B78F",
  "upgradeExecutor": "0xB7A15E401877C165f9b9C293b4466b3445C76349",
  "validatorWalletCreator": "0xab1b430e7a8eCb135bb6CC114F50DaCd03564cED",
}
`;
