// Vitest Snapshot v1, https://vitest.dev/guide/snapshot.html

exports[`returns default value for validatorAfkBlocks based on parent chain 1`] = `
{
  "1": 201600n,
  "11155111": 50400n,
  "1337": 50400n,
  "17000": 50400n,
  "412346": 50400n,
  "42161": 201600n,
  "421614": 50400n,
  "42170": 201600n,
  "8453": 1209600n,
  "84532": 302400n,
}
`;
