// Vitest Snapshot v1, https://vitest.dev/guide/snapshot.html

exports[`returns default value for challengeGracePeriodBlocks based on parent chain 1`] = `
{
  "1": 14400n,
  "11155111": 150n,
  "1337": 150n,
  "17000": 150n,
  "412346": 150n,
  "42161": 14400n,
  "421614": 150n,
  "42170": 14400n,
  "8453": 86400n,
  "84532": 900n,
}
`;
